[2025-11-05T21:16:37.077Z] [INFO] Starting SPD Milestones Backend | {"port":4000,"environment":"production","mongoUri":"mongodb://mongo:27017/spd","monitoringInterval":"60 minutes"}
[2025-11-05T21:16:39.414Z] [INFO] MongoDB connected successfully | {"uri":"mongodb://mongo:27017/spd"}
[2025-11-05T21:16:39.546Z] [INFO] 🚀 SPD Milestones API started | {"port":4000,"environment":"production","apiUrl":"http://localhost:4000"}
[2025-11-05T21:16:39.561Z] [INFO] Starting project monitoring | {"intervalMinutes":60}
[2025-11-05T21:16:39.709Z] [INFO] Project monitoring scheduler started | {"checkInterval":"60 minutes"}
[2025-11-05T21:16:40.899Z] [INFO] Monitoring report generated | {"totalProjects":0,"critical":0,"warning":0,"healthy":0}
[2025-11-05T21:16:44.140Z] [INFO] HTTP GET /health | {"method":"GET","url":"/health"}
[2025-11-05T21:16:44.171Z] [INFO] HTTP GET /health | {"method":"GET","url":"/health","statusCode":200,"duration":"33ms"}
[2025-11-05T21:17:26.661Z] [INFO] HTTP GET /health | {"method":"GET","url":"/health"}
[2025-11-05T21:17:26.678Z] [INFO] HTTP GET /health | {"method":"GET","url":"/health","statusCode":200,"duration":"17ms"}
[2025-11-05T21:18:03.039Z] [INFO] HTTP GET /health | {"method":"GET","url":"/health"}
[2025-11-05T21:18:03.288Z] [INFO] HTTP GET /health | {"method":"GET","url":"/health","statusCode":200,"duration":"248ms"}
[2025-11-05T21:18:37.228Z] [INFO] HTTP GET /health | {"method":"GET","url":"/health"}
[2025-11-05T21:18:37.245Z] [INFO] HTTP GET /health | {"method":"GET","url":"/health","statusCode":200,"duration":"17ms"}
[2025-11-05T21:19:09.559Z] [INFO] HTTP GET /health | {"method":"GET","url":"/health"}
[2025-11-05T21:19:09.587Z] [INFO] HTTP GET /health | {"method":"GET","url":"/health","statusCode":200,"duration":"17ms"}
[2025-11-05T21:19:51.938Z] [INFO] HTTP GET /health | {"method":"GET","url":"/health"}
[2025-11-05T21:19:52.016Z] [INFO] HTTP GET /health | {"method":"GET","url":"/health","statusCode":200,"duration":"66ms"}
[2025-11-05T21:20:32.004Z] [INFO] HTTP GET /health | {"method":"GET","url":"/health"}
[2025-11-05T21:20:32.052Z] [INFO] HTTP GET /health | {"method":"GET","url":"/health","statusCode":200,"duration":"49ms"}
[2025-11-05T21:21:04.962Z] [INFO] HTTP GET /health | {"method":"GET","url":"/health"}
[2025-11-05T21:21:04.985Z] [INFO] HTTP GET /health | {"method":"GET","url":"/health","statusCode":200,"duration":"32ms"}
[2025-11-05T21:21:37.370Z] [INFO] HTTP GET /health | {"method":"GET","url":"/health"}
[2025-11-05T21:21:37.400Z] [INFO] HTTP GET /health | {"method":"GET","url":"/health","statusCode":200,"duration":"3ms"}
[2025-11-05T21:22:08.725Z] [INFO] HTTP GET /health | {"method":"GET","url":"/health"}
[2025-11-05T21:22:08.739Z] [INFO] HTTP GET /health | {"method":"GET","url":"/health","statusCode":200,"duration":"16ms"}
[2025-11-05T21:22:39.523Z] [INFO] HTTP GET /health | {"method":"GET","url":"/health"}
[2025-11-05T21:22:39.536Z] [INFO] HTTP GET /health | {"method":"GET","url":"/health","statusCode":200,"duration":"13ms"}
[2025-11-05T21:23:10.336Z] [INFO] HTTP GET /health | {"method":"GET","url":"/health"}
[2025-11-05T21:23:10.338Z] [INFO] HTTP GET /health | {"method":"GET","url":"/health","statusCode":200,"duration":"16ms"}
[2025-11-05T21:23:41.148Z] [INFO] HTTP GET /health | {"method":"GET","url":"/health"}
[2025-11-05T21:23:41.161Z] [INFO] HTTP GET /health | {"method":"GET","url":"/health","statusCode":200,"duration":"13ms"}
[2025-11-05T21:24:12.089Z] [INFO] HTTP GET /health | {"method":"GET","url":"/health"}
[2025-11-05T21:24:12.104Z] [INFO] HTTP GET /health | {"method":"GET","url":"/health","statusCode":200,"duration":"14ms"}
[2025-11-05T21:24:43.023Z] [INFO] HTTP GET /health | {"method":"GET","url":"/health"}
[2025-11-05T21:24:43.026Z] [INFO] HTTP GET /health | {"method":"GET","url":"/health","statusCode":200,"duration":"3ms"}
[2025-11-05T21:25:13.655Z] [INFO] HTTP GET /health | {"method":"GET","url":"/health"}
[2025-11-05T21:25:13.658Z] [INFO] HTTP GET /health | {"method":"GET","url":"/health","statusCode":200,"duration":"3ms"}
[2025-11-05T21:25:44.599Z] [INFO] HTTP GET /health | {"method":"GET","url":"/health"}
[2025-11-05T21:25:44.615Z] [INFO] HTTP GET /health | {"method":"GET","url":"/health","statusCode":200,"duration":"15ms"}
[2025-11-05T21:26:16.041Z] [INFO] HTTP GET /health | {"method":"GET","url":"/health"}
[2025-11-05T21:26:16.073Z] [INFO] HTTP GET /health | {"method":"GET","url":"/health","statusCode":200,"duration":"15ms"}
[2025-11-05T21:26:46.976Z] [INFO] HTTP GET /health | {"method":"GET","url":"/health"}
[2025-11-05T21:26:46.993Z] [INFO] HTTP GET /health | {"method":"GET","url":"/health","statusCode":200,"duration":"17ms"}
[2025-11-05T21:27:19.501Z] [INFO] HTTP GET /health | {"method":"GET","url":"/health"}
[2025-11-05T21:27:19.529Z] [INFO] HTTP GET /health | {"method":"GET","url":"/health","statusCode":200,"duration":"18ms"}
[2025-11-05T21:27:52.355Z] [INFO] HTTP GET /health | {"method":"GET","url":"/health"}
[2025-11-05T21:27:52.358Z] [INFO] HTTP GET /health | {"method":"GET","url":"/health","statusCode":200,"duration":"4ms"}
[2025-11-05T21:28:30.566Z] [INFO] HTTP GET /health | {"method":"GET","url":"/health"}
[2025-11-05T21:28:30.616Z] [INFO] HTTP GET /health | {"method":"GET","url":"/health","statusCode":200,"duration":"42ms"}
[2025-11-05T21:29:04.934Z] [INFO] HTTP GET /health | {"method":"GET","url":"/health"}
[2025-11-05T21:29:04.938Z] [INFO] HTTP GET /health | {"method":"GET","url":"/health","statusCode":200,"duration":"4ms"}
[2025-11-05T21:29:38.060Z] [INFO] HTTP GET /health | {"method":"GET","url":"/health"}
[2025-11-05T21:29:38.063Z] [INFO] HTTP GET /health | {"method":"GET","url":"/health","statusCode":200,"duration":"2ms"}
[2025-11-05T21:30:09.121Z] [INFO] HTTP GET /health | {"method":"GET","url":"/health"}
[2025-11-05T21:30:09.129Z] [INFO] HTTP GET /health | {"method":"GET","url":"/health","statusCode":200,"duration":"9ms"}
[2025-11-05T21:30:39.979Z] [INFO] HTTP GET /health | {"method":"GET","url":"/health"}
[2025-11-05T21:30:39.992Z] [INFO] HTTP GET /health | {"method":"GET","url":"/health","statusCode":200,"duration":"14ms"}
[2025-11-05T21:31:10.811Z] [INFO] HTTP GET /health | {"method":"GET","url":"/health"}
[2025-11-05T21:31:10.840Z] [INFO] HTTP GET /health | {"method":"GET","url":"/health","statusCode":200,"duration":"16ms"}
[2025-11-05T21:31:41.833Z] [INFO] HTTP GET /health | {"method":"GET","url":"/health"}
[2025-11-05T21:31:41.837Z] [INFO] HTTP GET /health | {"method":"GET","url":"/health","statusCode":200,"duration":"4ms"}
[2025-11-05T21:32:12.340Z] [INFO] HTTP GET /health | {"method":"GET","url":"/health"}
[2025-11-05T21:32:12.344Z] [INFO] HTTP GET /health | {"method":"GET","url":"/health","statusCode":200,"duration":"4ms"}
[2025-11-05T21:32:45.071Z] [INFO] HTTP GET /health | {"method":"GET","url":"/health"}
[2025-11-05T21:32:45.073Z] [INFO] HTTP GET /health | {"method":"GET","url":"/health","statusCode":200,"duration":"3ms"}
[2025-11-05T21:33:15.839Z] [INFO] HTTP GET /health | {"method":"GET","url":"/health"}
[2025-11-05T21:33:15.840Z] [INFO] HTTP GET /health | {"method":"GET","url":"/health","statusCode":200,"duration":"2ms"}
[2025-11-05T21:33:47.003Z] [INFO] HTTP GET /health | {"method":"GET","url":"/health"}
[2025-11-05T21:33:47.005Z] [INFO] HTTP GET /health | {"method":"GET","url":"/health","statusCode":200,"duration":"2ms"}
[2025-11-05T21:34:18.303Z] [INFO] HTTP GET /health | {"method":"GET","url":"/health"}
[2025-11-05T21:34:18.305Z] [INFO] HTTP GET /health | {"method":"GET","url":"/health","statusCode":200,"duration":"2ms"}
[2025-11-05T21:34:49.322Z] [INFO] HTTP GET /health | {"method":"GET","url":"/health"}
[2025-11-05T21:34:49.324Z] [INFO] HTTP GET /health | {"method":"GET","url":"/health","statusCode":200,"duration":"7ms"}
[2025-11-05T21:35:20.246Z] [INFO] HTTP GET /health | {"method":"GET","url":"/health"}
[2025-11-05T21:35:20.248Z] [INFO] HTTP GET /health | {"method":"GET","url":"/health","statusCode":200,"duration":"4ms"}
[2025-11-05T21:35:50.849Z] [INFO] HTTP GET /health | {"method":"GET","url":"/health"}
[2025-11-05T21:35:50.852Z] [INFO] HTTP GET /health | {"method":"GET","url":"/health","statusCode":200,"duration":"5ms"}
[2025-11-05T21:36:21.536Z] [INFO] HTTP GET /health | {"method":"GET","url":"/health"}
[2025-11-05T21:36:21.538Z] [INFO] HTTP GET /health | {"method":"GET","url":"/health","statusCode":200,"duration":"3ms"}
[2025-11-05T21:36:52.032Z] [INFO] HTTP GET /health | {"method":"GET","url":"/health"}
[2025-11-05T21:36:52.035Z] [INFO] HTTP GET /health | {"method":"GET","url":"/health","statusCode":200,"duration":"5ms"}
[2025-11-05T21:37:22.726Z] [INFO] HTTP GET /health | {"method":"GET","url":"/health"}
[2025-11-05T21:37:22.730Z] [INFO] HTTP GET /health | {"method":"GET","url":"/health","statusCode":200,"duration":"4ms"}
[2025-11-05T21:37:54.801Z] [INFO] HTTP GET /health | {"method":"GET","url":"/health"}
[2025-11-05T21:37:54.804Z] [INFO] HTTP GET /health | {"method":"GET","url":"/health","statusCode":200,"duration":"16ms"}
[2025-11-05T21:38:26.041Z] [INFO] HTTP GET /health | {"method":"GET","url":"/health"}
[2025-11-05T21:38:26.069Z] [INFO] HTTP GET /health | {"method":"GET","url":"/health","statusCode":200,"duration":"15ms"}
[2025-11-05T21:38:56.592Z] [INFO] HTTP GET /health | {"method":"GET","url":"/health"}
[2025-11-05T21:38:56.594Z] [INFO] HTTP GET /health | {"method":"GET","url":"/health","statusCode":200,"duration":"2ms"}
[2025-11-05T21:39:27.096Z] [INFO] HTTP GET /health | {"method":"GET","url":"/health"}
[2025-11-05T21:39:27.098Z] [INFO] HTTP GET /health | {"method":"GET","url":"/health","statusCode":200,"duration":"1ms"}
[2025-11-05T21:39:57.750Z] [INFO] HTTP GET /health | {"method":"GET","url":"/health"}
[2025-11-05T21:39:57.751Z] [INFO] HTTP GET /health | {"method":"GET","url":"/health","statusCode":200,"duration":"2ms"}
[2025-11-05T21:40:28.522Z] [INFO] HTTP GET /health | {"method":"GET","url":"/health"}
[2025-11-05T21:40:28.536Z] [INFO] HTTP GET /health | {"method":"GET","url":"/health","statusCode":200,"duration":"5ms"}
[2025-11-05T21:40:59.251Z] [INFO] HTTP GET /health | {"method":"GET","url":"/health"}
[2025-11-05T21:40:59.253Z] [INFO] HTTP GET /health | {"method":"GET","url":"/health","statusCode":200,"duration":"2ms"}
[2025-11-05T21:41:30.248Z] [INFO] HTTP GET /health | {"method":"GET","url":"/health"}
[2025-11-05T21:41:30.252Z] [INFO] HTTP GET /health | {"method":"GET","url":"/health","statusCode":200,"duration":"4ms"}
[2025-11-05T21:42:00.749Z] [INFO] HTTP GET /health | {"method":"GET","url":"/health"}
[2025-11-05T21:42:00.750Z] [INFO] HTTP GET /health | {"method":"GET","url":"/health","statusCode":200,"duration":"14ms"}
[2025-11-05T21:42:31.385Z] [INFO] HTTP GET /health | {"method":"GET","url":"/health"}
[2025-11-05T21:42:31.398Z] [INFO] HTTP GET /health | {"method":"GET","url":"/health","statusCode":200,"duration":"10ms"}
[2025-11-05T21:43:02.246Z] [INFO] HTTP GET /health | {"method":"GET","url":"/health"}
[2025-11-05T21:43:02.247Z] [INFO] HTTP GET /health | {"method":"GET","url":"/health","statusCode":200,"duration":"2ms"}
[2025-11-05T21:43:33.328Z] [INFO] HTTP GET /health | {"method":"GET","url":"/health"}
[2025-11-05T21:43:33.356Z] [INFO] HTTP GET /health | {"method":"GET","url":"/health","statusCode":200,"duration":"18ms"}
[2025-11-05T21:44:04.171Z] [INFO] HTTP GET /health | {"method":"GET","url":"/health"}
[2025-11-05T21:44:04.183Z] [INFO] HTTP GET /health | {"method":"GET","url":"/health","statusCode":200,"duration":"12ms"}
[2025-11-05T21:44:34.697Z] [INFO] HTTP GET /health | {"method":"GET","url":"/health"}
[2025-11-05T21:44:34.710Z] [INFO] HTTP GET /health | {"method":"GET","url":"/health","statusCode":200,"duration":"13ms"}
[2025-11-05T21:45:06.888Z] [INFO] HTTP GET /health | {"method":"GET","url":"/health"}
[2025-11-05T21:45:06.890Z] [INFO] HTTP GET /health | {"method":"GET","url":"/health","statusCode":200,"duration":"3ms"}
[2025-11-05T21:45:39.882Z] [INFO] HTTP GET /health | {"method":"GET","url":"/health"}
[2025-11-05T21:45:39.883Z] [INFO] HTTP GET /health | {"method":"GET","url":"/health","statusCode":200,"duration":"2ms"}
[2025-11-05T21:46:03.307Z] [INFO] 🛑 SPD Milestones API shutting down | {"reason":"SIGTERM received"}
[2025-11-05T22:21:12.916Z] [INFO] Starting SPD Milestones Backend | {"port":4000,"environment":"production","mongoUri":"mongodb://mongo:27017/spd","monitoringInterval":"60 minutes"}
[2025-11-05T22:21:14.674Z] [INFO] MongoDB connected successfully | {"uri":"mongodb://mongo:27017/spd"}
[2025-11-05T22:21:14.852Z] [INFO] 🚀 SPD Milestones API started | {"port":4000,"environment":"production","apiUrl":"http://localhost:4000"}
[2025-11-05T22:21:14.866Z] [INFO] Starting project monitoring | {"intervalMinutes":60}
[2025-11-05T22:21:14.897Z] [INFO] Project monitoring scheduler started | {"checkInterval":"60 minutes"}
[2025-11-05T22:21:15.708Z] [INFO] Monitoring report generated | {"totalProjects":0,"critical":0,"warning":0,"healthy":0}
[2025-11-05T22:21:30.655Z] [INFO] HTTP GET /health | {"method":"GET","url":"/health"}
[2025-11-05T22:21:30.786Z] [INFO] HTTP GET /health | {"method":"GET","url":"/health","statusCode":200,"duration":"131ms"}
[2025-11-05T22:22:24.740Z] [INFO] HTTP GET /health | {"method":"GET","url":"/health"}
[2025-11-05T22:22:24.749Z] [INFO] HTTP GET /health | {"method":"GET","url":"/health","statusCode":200,"duration":"374ms"}
[2025-11-05T22:22:56.506Z] [INFO] HTTP GET /health | {"method":"GET","url":"/health"}
[2025-11-05T22:22:56.521Z] [INFO] HTTP GET /health | {"method":"GET","url":"/health","statusCode":200,"duration":"16ms"}
[2025-11-05T22:23:29.064Z] [INFO] HTTP GET /health | {"method":"GET","url":"/health"}
[2025-11-05T22:23:29.096Z] [INFO] HTTP GET /health | {"method":"GET","url":"/health","statusCode":200,"duration":"62ms"}
[2025-11-05T22:24:01.830Z] [INFO] HTTP GET /health | {"method":"GET","url":"/health"}
[2025-11-05T22:24:01.866Z] [INFO] HTTP GET /health | {"method":"GET","url":"/health","statusCode":200,"duration":"40ms"}
[2025-11-05T22:24:48.578Z] [INFO] HTTP GET /health | {"method":"GET","url":"/health"}
[2025-11-05T22:24:48.644Z] [INFO] HTTP GET /health | {"method":"GET","url":"/health","statusCode":200,"duration":"49ms"}
[2025-11-05T22:25:13.333Z] [INFO] HTTP GET /health | {"method":"GET","url":"/health"}
[2025-11-05T22:25:13.489Z] [INFO] HTTP GET /health | {"method":"GET","url":"/health","statusCode":200,"duration":"153ms"}
[2025-11-05T22:25:20.079Z] [INFO] HTTP GET /health | {"method":"GET","url":"/health"}
[2025-11-05T22:25:20.098Z] [INFO] HTTP GET /health | {"method":"GET","url":"/health","statusCode":200,"duration":"17ms"}
[2025-11-05T22:25:51.218Z] [INFO] HTTP GET /health | {"method":"GET","url":"/health"}
[2025-11-05T22:25:51.221Z] [INFO] HTTP GET /health | {"method":"GET","url":"/health","statusCode":200,"duration":"3ms"}
[2025-11-05T22:26:22.200Z] [INFO] HTTP GET /health | {"method":"GET","url":"/health"}
[2025-11-05T22:26:22.202Z] [INFO] HTTP GET /health | {"method":"GET","url":"/health","statusCode":200,"duration":"3ms"}
[2025-11-05T22:26:53.195Z] [INFO] HTTP GET /health | {"method":"GET","url":"/health"}
[2025-11-05T22:26:53.198Z] [INFO] HTTP GET /health | {"method":"GET","url":"/health","statusCode":200,"duration":"14ms"}
[2025-11-05T22:27:23.998Z] [INFO] HTTP GET /health | {"method":"GET","url":"/health"}
[2025-11-05T22:27:24.012Z] [INFO] HTTP GET /health | {"method":"GET","url":"/health","statusCode":200,"duration":"14ms"}
[2025-11-05T22:27:55.098Z] [INFO] HTTP GET /health | {"method":"GET","url":"/health"}
[2025-11-05T22:27:55.100Z] [INFO] HTTP GET /health | {"method":"GET","url":"/health","statusCode":200,"duration":"13ms"}
[2025-11-05T22:28:26.476Z] [INFO] HTTP GET /health | {"method":"GET","url":"/health"}
[2025-11-05T22:28:26.478Z] [INFO] HTTP GET /health | {"method":"GET","url":"/health","statusCode":200,"duration":"16ms"}
[2025-11-05T22:28:57.310Z] [INFO] HTTP GET /health | {"method":"GET","url":"/health"}
[2025-11-05T22:28:57.312Z] [INFO] HTTP GET /health | {"method":"GET","url":"/health","statusCode":200,"duration":"3ms"}
[2025-11-05T22:29:28.522Z] [INFO] HTTP GET /health | {"method":"GET","url":"/health"}
[2025-11-05T22:29:28.537Z] [INFO] HTTP GET /health | {"method":"GET","url":"/health","statusCode":200,"duration":"16ms"}
[2025-11-05T22:29:59.769Z] [INFO] HTTP GET /health | {"method":"GET","url":"/health"}
[2025-11-05T22:29:59.773Z] [INFO] HTTP GET /health | {"method":"GET","url":"/health","statusCode":200,"duration":"16ms"}
[2025-11-05T22:30:30.581Z] [INFO] HTTP GET /health | {"method":"GET","url":"/health"}
[2025-11-05T22:30:30.583Z] [INFO] HTTP GET /health | {"method":"GET","url":"/health","statusCode":200,"duration":"14ms"}
[2025-11-05T22:31:01.323Z] [INFO] HTTP GET /health | {"method":"GET","url":"/health"}
[2025-11-05T22:31:01.337Z] [INFO] HTTP GET /health | {"method":"GET","url":"/health","statusCode":200,"duration":"14ms"}
[2025-11-05T22:31:32.151Z] [INFO] HTTP GET /health | {"method":"GET","url":"/health"}
[2025-11-05T22:31:32.153Z] [INFO] HTTP GET /health | {"method":"GET","url":"/health","statusCode":200,"duration":"2ms"}
[2025-11-05T22:32:03.368Z] [INFO] HTTP GET /health | {"method":"GET","url":"/health"}
[2025-11-05T22:32:03.370Z] [INFO] HTTP GET /health | {"method":"GET","url":"/health","statusCode":200,"duration":"2ms"}
[2025-11-05T22:32:34.391Z] [INFO] HTTP GET /health | {"method":"GET","url":"/health"}
[2025-11-05T22:32:34.393Z] [INFO] HTTP GET /health | {"method":"GET","url":"/health","statusCode":200,"duration":"2ms"}
[2025-11-05T22:33:05.172Z] [INFO] HTTP GET /health | {"method":"GET","url":"/health"}
[2025-11-05T22:33:05.175Z] [INFO] HTTP GET /health | {"method":"GET","url":"/health","statusCode":200,"duration":"3ms"}
[2025-11-05T22:33:36.008Z] [INFO] HTTP GET /health | {"method":"GET","url":"/health"}
[2025-11-05T22:33:36.030Z] [INFO] HTTP GET /health | {"method":"GET","url":"/health","statusCode":200,"duration":"19ms"}
[2025-11-05T22:34:07.021Z] [INFO] HTTP GET /health | {"method":"GET","url":"/health"}
[2025-11-05T22:34:07.025Z] [INFO] HTTP GET /health | {"method":"GET","url":"/health","statusCode":200,"duration":"15ms"}
[2025-11-05T22:34:37.900Z] [INFO] HTTP GET /health | {"method":"GET","url":"/health"}
[2025-11-05T22:34:37.901Z] [INFO] HTTP GET /health | {"method":"GET","url":"/health","statusCode":200,"duration":"2ms"}
[2025-11-05T22:35:08.967Z] [INFO] HTTP GET /health | {"method":"GET","url":"/health"}
[2025-11-05T22:35:08.969Z] [INFO] HTTP GET /health | {"method":"GET","url":"/health","statusCode":200,"duration":"3ms"}
[2025-11-05T22:35:41.165Z] [INFO] HTTP GET /health | {"method":"GET","url":"/health"}
[2025-11-05T22:35:41.189Z] [INFO] HTTP GET /health | {"method":"GET","url":"/health","statusCode":200,"duration":"64ms"}
[2025-11-05T22:36:15.142Z] [INFO] HTTP GET /health | {"method":"GET","url":"/health"}
[2025-11-05T22:36:15.157Z] [INFO] HTTP GET /health | {"method":"GET","url":"/health","statusCode":200,"duration":"3ms"}
[2025-11-05T22:36:48.382Z] [INFO] HTTP GET /health | {"method":"GET","url":"/health"}
[2025-11-05T22:36:48.428Z] [INFO] HTTP GET /health | {"method":"GET","url":"/health","statusCode":200,"duration":"61ms"}
[2025-11-05T22:37:23.919Z] [INFO] HTTP GET /health | {"method":"GET","url":"/health"}
[2025-11-05T22:37:23.950Z] [INFO] HTTP GET /health | {"method":"GET","url":"/health","statusCode":200,"duration":"31ms"}
[2025-11-05T22:37:56.690Z] [INFO] HTTP GET /health | {"method":"GET","url":"/health"}
[2025-11-05T22:37:56.704Z] [INFO] HTTP GET /health | {"method":"GET","url":"/health","statusCode":200,"duration":"26ms"}
[2025-11-05T22:38:31.211Z] [INFO] HTTP GET /health | {"method":"GET","url":"/health"}
[2025-11-05T22:38:31.213Z] [INFO] HTTP GET /health | {"method":"GET","url":"/health","statusCode":200,"duration":"3ms"}
[2025-11-05T22:39:04.974Z] [INFO] HTTP GET /health | {"method":"GET","url":"/health"}
[2025-11-05T22:39:04.986Z] [INFO] HTTP GET /health | {"method":"GET","url":"/health","statusCode":200,"duration":"11ms"}
[2025-11-05T22:39:38.720Z] [INFO] HTTP GET /health | {"method":"GET","url":"/health"}
[2025-11-05T22:39:38.723Z] [INFO] HTTP GET /health | {"method":"GET","url":"/health","statusCode":200,"duration":"17ms"}
[2025-11-05T22:40:13.240Z] [INFO] HTTP GET /health | {"method":"GET","url":"/health"}
[2025-11-05T22:40:13.243Z] [INFO] HTTP GET /health | {"method":"GET","url":"/health","statusCode":200,"duration":"18ms"}
[2025-11-05T22:40:46.634Z] [INFO] HTTP GET /health | {"method":"GET","url":"/health"}
[2025-11-05T22:40:46.650Z] [INFO] HTTP GET /health | {"method":"GET","url":"/health","statusCode":200,"duration":"14ms"}
[2025-11-05T22:41:21.925Z] [INFO] HTTP GET /health | {"method":"GET","url":"/health"}
[2025-11-05T22:41:21.957Z] [INFO] HTTP GET /health | {"method":"GET","url":"/health","statusCode":200,"duration":"47ms"}
[2025-11-05T22:41:53.612Z] [INFO] HTTP GET /health | {"method":"GET","url":"/health"}
[2025-11-05T22:41:53.628Z] [INFO] HTTP GET /health | {"method":"GET","url":"/health","statusCode":200,"duration":"17ms"}
[2025-11-05T22:42:26.210Z] [INFO] HTTP GET /health | {"method":"GET","url":"/health"}
[2025-11-05T22:42:26.250Z] [INFO] HTTP GET /health | {"method":"GET","url":"/health","statusCode":200,"duration":"48ms"}
[2025-11-05T22:42:57.633Z] [INFO] HTTP GET /health | {"method":"GET","url":"/health"}
[2025-11-05T22:42:57.646Z] [INFO] HTTP GET /health | {"method":"GET","url":"/health","statusCode":200,"duration":"17ms"}
[2025-11-05T22:43:29.672Z] [INFO] HTTP GET /health | {"method":"GET","url":"/health"}
[2025-11-05T22:43:29.703Z] [INFO] HTTP GET /health | {"method":"GET","url":"/health","statusCode":200,"duration":"30ms"}
[2025-11-05T22:44:02.527Z] [INFO] HTTP GET /health | {"method":"GET","url":"/health"}
[2025-11-05T22:44:02.548Z] [INFO] HTTP GET /health | {"method":"GET","url":"/health","statusCode":200,"duration":"21ms"}
[2025-11-05T22:44:34.536Z] [INFO] HTTP GET /health | {"method":"GET","url":"/health"}
[2025-11-05T22:44:34.538Z] [INFO] HTTP GET /health | {"method":"GET","url":"/health","statusCode":200,"duration":"3ms"}
[2025-11-05T22:45:06.627Z] [INFO] HTTP GET /health | {"method":"GET","url":"/health"}
[2025-11-05T22:45:06.649Z] [INFO] HTTP GET /health | {"method":"GET","url":"/health","statusCode":200,"duration":"47ms"}
[2025-11-05T22:45:40.170Z] [INFO] HTTP GET /health | {"method":"GET","url":"/health"}
[2025-11-05T22:45:40.202Z] [INFO] HTTP GET /health | {"method":"GET","url":"/health","statusCode":200,"duration":"32ms"}
[2025-11-05T22:46:13.929Z] [INFO] HTTP GET /health | {"method":"GET","url":"/health"}
[2025-11-05T22:46:13.944Z] [INFO] HTTP GET /health | {"method":"GET","url":"/health","statusCode":200,"duration":"15ms"}
[2025-11-05T22:46:47.592Z] [INFO] HTTP GET /health | {"method":"GET","url":"/health"}
[2025-11-05T22:46:47.657Z] [INFO] HTTP GET /health | {"method":"GET","url":"/health","statusCode":200,"duration":"65ms"}
[2025-11-05T22:47:23.207Z] [INFO] HTTP GET /health | {"method":"GET","url":"/health"}
[2025-11-05T22:47:23.210Z] [INFO] HTTP GET /health | {"method":"GET","url":"/health","statusCode":200,"duration":"12ms"}
[2025-11-05T22:47:54.695Z] [INFO] HTTP GET /health | {"method":"GET","url":"/health"}
[2025-11-05T22:47:54.698Z] [INFO] HTTP GET /health | {"method":"GET","url":"/health","statusCode":200,"duration":"14ms"}
[2025-11-05T22:48:25.766Z] [INFO] HTTP GET /health | {"method":"GET","url":"/health"}
[2025-11-05T22:48:25.771Z] [INFO] HTTP GET /health | {"method":"GET","url":"/health","statusCode":200,"duration":"6ms"}
[2025-11-05T22:48:57.576Z] [INFO] HTTP GET /health | {"method":"GET","url":"/health"}
[2025-11-05T22:48:57.577Z] [INFO] HTTP GET /health | {"method":"GET","url":"/health","statusCode":200,"duration":"2ms"}
[2025-11-05T22:49:29.636Z] [INFO] HTTP GET /health | {"method":"GET","url":"/health"}
[2025-11-05T22:49:29.652Z] [INFO] HTTP GET /health | {"method":"GET","url":"/health","statusCode":200,"duration":"2ms"}
[2025-11-05T22:50:00.637Z] [INFO] HTTP GET /health | {"method":"GET","url":"/health"}
[2025-11-05T22:50:00.649Z] [INFO] HTTP GET /health | {"method":"GET","url":"/health","statusCode":200,"duration":"13ms"}
[2025-11-05T22:50:32.788Z] [INFO] HTTP GET /health | {"method":"GET","url":"/health"}
[2025-11-05T22:50:32.801Z] [INFO] HTTP GET /health | {"method":"GET","url":"/health","statusCode":200,"duration":"5ms"}
[2025-11-05T22:51:06.130Z] [INFO] HTTP GET /health | {"method":"GET","url":"/health"}
[2025-11-05T22:51:06.133Z] [INFO] HTTP GET /health | {"method":"GET","url":"/health","statusCode":200,"duration":"14ms"}
[2025-11-05T22:51:38.037Z] [INFO] HTTP GET /health | {"method":"GET","url":"/health"}
[2025-11-05T22:51:38.050Z] [INFO] HTTP GET /health | {"method":"GET","url":"/health","statusCode":200,"duration":"15ms"}
[2025-11-05T22:52:08.977Z] [INFO] HTTP GET /health | {"method":"GET","url":"/health"}
[2025-11-05T22:52:08.993Z] [INFO] HTTP GET /health | {"method":"GET","url":"/health","statusCode":200,"duration":"15ms"}
[2025-11-05T22:52:40.647Z] [INFO] HTTP GET /health | {"method":"GET","url":"/health"}
[2025-11-05T22:52:40.649Z] [INFO] HTTP GET /health | {"method":"GET","url":"/health","statusCode":200,"duration":"2ms"}
[2025-11-05T22:53:11.818Z] [INFO] HTTP GET /health | {"method":"GET","url":"/health"}
[2025-11-05T22:53:11.849Z] [INFO] HTTP GET /health | {"method":"GET","url":"/health","statusCode":200,"duration":"33ms"}
[2025-11-05T22:53:44.791Z] [INFO] HTTP GET /health | {"method":"GET","url":"/health"}
[2025-11-05T22:53:44.793Z] [INFO] HTTP GET /health | {"method":"GET","url":"/health","statusCode":200,"duration":"4ms"}
[2025-11-05T22:54:16.809Z] [INFO] HTTP GET /health | {"method":"GET","url":"/health"}
[2025-11-05T22:54:16.811Z] [INFO] HTTP GET /health | {"method":"GET","url":"/health","statusCode":200,"duration":"3ms"}
[2025-11-05T22:54:47.807Z] [INFO] HTTP GET /health | {"method":"GET","url":"/health"}
[2025-11-05T22:54:47.820Z] [INFO] HTTP GET /health | {"method":"GET","url":"/health","statusCode":200,"duration":"3ms"}
[2025-11-05T22:55:18.739Z] [INFO] HTTP GET /health | {"method":"GET","url":"/health"}
[2025-11-05T22:55:18.754Z] [INFO] HTTP GET /health | {"method":"GET","url":"/health","statusCode":200,"duration":"30ms"}
[2025-11-05T22:55:49.492Z] [INFO] HTTP GET /health | {"method":"GET","url":"/health"}
[2025-11-05T22:55:49.494Z] [INFO] HTTP GET /health | {"method":"GET","url":"/health","statusCode":200,"duration":"3ms"}
[2025-11-05T22:56:20.462Z] [INFO] HTTP GET /health | {"method":"GET","url":"/health"}
[2025-11-05T22:56:20.463Z] [INFO] HTTP GET /health | {"method":"GET","url":"/health","statusCode":200,"duration":"2ms"}
[2025-11-05T22:56:51.154Z] [INFO] HTTP GET /health | {"method":"GET","url":"/health"}
[2025-11-05T22:56:51.168Z] [INFO] HTTP GET /health | {"method":"GET","url":"/health","statusCode":200,"duration":"13ms"}
[2025-11-05T22:57:22.064Z] [INFO] HTTP GET /health | {"method":"GET","url":"/health"}
[2025-11-05T22:57:22.066Z] [INFO] HTTP GET /health | {"method":"GET","url":"/health","statusCode":200,"duration":"11ms"}
[2025-11-05T22:57:52.881Z] [INFO] HTTP GET /health | {"method":"GET","url":"/health"}
[2025-11-05T22:57:52.895Z] [INFO] HTTP GET /health | {"method":"GET","url":"/health","statusCode":200,"duration":"14ms"}
[2025-11-05T22:58:23.647Z] [INFO] HTTP GET /health | {"method":"GET","url":"/health"}
[2025-11-05T22:58:23.650Z] [INFO] HTTP GET /health | {"method":"GET","url":"/health","statusCode":200,"duration":"14ms"}
[2025-11-05T22:58:54.693Z] [INFO] HTTP GET /health | {"method":"GET","url":"/health"}
[2025-11-05T22:58:54.705Z] [INFO] HTTP GET /health | {"method":"GET","url":"/health","statusCode":200,"duration":"12ms"}
[2025-11-05T22:59:25.593Z] [INFO] HTTP GET /health | {"method":"GET","url":"/health"}
[2025-11-05T22:59:25.597Z] [INFO] HTTP GET /health | {"method":"GET","url":"/health","statusCode":200,"duration":"15ms"}
[2025-11-05T22:59:56.342Z] [INFO] HTTP GET /health | {"method":"GET","url":"/health"}
[2025-11-05T22:59:56.344Z] [INFO] HTTP GET /health | {"method":"GET","url":"/health","statusCode":200,"duration":"2ms"}
[2025-11-05T23:00:27.160Z] [INFO] HTTP GET /health | {"method":"GET","url":"/health"}
[2025-11-05T23:00:27.174Z] [INFO] HTTP GET /health | {"method":"GET","url":"/health","statusCode":200,"duration":"14ms"}
[2025-11-05T23:00:57.939Z] [INFO] HTTP GET /health | {"method":"GET","url":"/health"}
[2025-11-05T23:00:57.946Z] [INFO] HTTP GET /health | {"method":"GET","url":"/health","statusCode":200,"duration":"7ms"}
[2025-11-05T23:01:28.962Z] [INFO] HTTP GET /health | {"method":"GET","url":"/health"}
[2025-11-05T23:01:28.974Z] [INFO] HTTP GET /health | {"method":"GET","url":"/health","statusCode":200,"duration":"12ms"}
[2025-11-05T23:01:59.781Z] [INFO] HTTP GET /health | {"method":"GET","url":"/health"}
[2025-11-05T23:01:59.797Z] [INFO] HTTP GET /health | {"method":"GET","url":"/health","statusCode":200,"duration":"30ms"}
[2025-11-05T23:02:30.599Z] [INFO] HTTP GET /health | {"method":"GET","url":"/health"}
[2025-11-05T23:02:30.614Z] [INFO] HTTP GET /health | {"method":"GET","url":"/health","statusCode":200,"duration":"15ms"}
[2025-11-05T23:03:01.329Z] [INFO] HTTP GET /health | {"method":"GET","url":"/health"}
[2025-11-05T23:03:01.331Z] [INFO] HTTP GET /health | {"method":"GET","url":"/health","statusCode":200,"duration":"2ms"}
[2025-11-05T23:03:32.263Z] [INFO] HTTP GET /health | {"method":"GET","url":"/health"}
[2025-11-05T23:03:32.265Z] [INFO] HTTP GET /health | {"method":"GET","url":"/health","statusCode":200,"duration":"3ms"}
[2025-11-05T23:04:03.161Z] [INFO] HTTP GET /health | {"method":"GET","url":"/health"}
[2025-11-05T23:04:03.163Z] [INFO] HTTP GET /health | {"method":"GET","url":"/health","statusCode":200,"duration":"2ms"}
[2025-11-05T23:04:34.842Z] [INFO] HTTP GET /health | {"method":"GET","url":"/health"}
[2025-11-05T23:04:34.855Z] [INFO] HTTP GET /health | {"method":"GET","url":"/health","statusCode":200,"duration":"13ms"}
[2025-11-05T23:05:05.724Z] [INFO] HTTP GET /health | {"method":"GET","url":"/health"}
[2025-11-05T23:05:05.737Z] [INFO] HTTP GET /health | {"method":"GET","url":"/health","statusCode":200,"duration":"2ms"}
[2025-11-05T23:05:36.491Z] [INFO] HTTP GET /health | {"method":"GET","url":"/health"}
[2025-11-05T23:05:36.494Z] [INFO] HTTP GET /health | {"method":"GET","url":"/health","statusCode":200,"duration":"19ms"}
[2025-11-05T23:06:08.871Z] [INFO] HTTP GET /health | {"method":"GET","url":"/health"}
[2025-11-05T23:06:08.874Z] [INFO] HTTP GET /health | {"method":"GET","url":"/health","statusCode":200,"duration":"3ms"}
[2025-11-05T23:06:39.560Z] [INFO] HTTP GET /health | {"method":"GET","url":"/health"}
[2025-11-05T23:06:39.562Z] [INFO] HTTP GET /health | {"method":"GET","url":"/health","statusCode":200,"duration":"3ms"}
[2025-11-05T23:07:10.445Z] [INFO] HTTP GET /health | {"method":"GET","url":"/health"}
[2025-11-05T23:07:10.447Z] [INFO] HTTP GET /health | {"method":"GET","url":"/health","statusCode":200,"duration":"2ms"}
[2025-11-05T23:07:41.188Z] [INFO] HTTP GET /health | {"method":"GET","url":"/health"}
[2025-11-05T23:07:41.203Z] [INFO] HTTP GET /health | {"method":"GET","url":"/health","statusCode":200,"duration":"15ms"}
[2025-11-05T23:08:12.080Z] [INFO] HTTP GET /health | {"method":"GET","url":"/health"}
[2025-11-05T23:08:12.093Z] [INFO] HTTP GET /health | {"method":"GET","url":"/health","statusCode":200,"duration":"2ms"}
[2025-11-05T23:08:42.965Z] [INFO] HTTP GET /health | {"method":"GET","url":"/health"}
[2025-11-05T23:08:42.967Z] [INFO] HTTP GET /health | {"method":"GET","url":"/health","statusCode":200,"duration":"2ms"}
[2025-11-05T23:09:14.525Z] [INFO] HTTP GET /health | {"method":"GET","url":"/health"}
[2025-11-05T23:09:14.527Z] [INFO] HTTP GET /health | {"method":"GET","url":"/health","statusCode":200,"duration":"2ms"}
[2025-11-05T23:09:45.317Z] [INFO] HTTP GET /health | {"method":"GET","url":"/health"}
[2025-11-05T23:09:45.331Z] [INFO] HTTP GET /health | {"method":"GET","url":"/health","statusCode":200,"duration":"13ms"}
[2025-11-05T23:10:16.664Z] [INFO] HTTP GET /health | {"method":"GET","url":"/health"}
[2025-11-05T23:10:16.676Z] [INFO] HTTP GET /health | {"method":"GET","url":"/health","statusCode":200,"duration":"2ms"}
[2025-11-05T23:10:47.718Z] [INFO] HTTP GET /health | {"method":"GET","url":"/health"}
[2025-11-05T23:10:47.729Z] [INFO] HTTP GET /health | {"method":"GET","url":"/health","statusCode":200,"duration":"11ms"}
[2025-11-05T23:11:18.758Z] [INFO] HTTP GET /health | {"method":"GET","url":"/health"}
[2025-11-05T23:11:18.772Z] [INFO] HTTP GET /health | {"method":"GET","url":"/health","statusCode":200,"duration":"14ms"}
[2025-11-05T23:11:49.668Z] [INFO] HTTP GET /health | {"method":"GET","url":"/health"}
[2025-11-05T23:11:49.683Z] [INFO] HTTP GET /health | {"method":"GET","url":"/health","statusCode":200,"duration":"14ms"}
[2025-11-05T23:12:20.485Z] [INFO] HTTP GET /health | {"method":"GET","url":"/health"}
[2025-11-05T23:12:20.499Z] [INFO] HTTP GET /health | {"method":"GET","url":"/health","statusCode":200,"duration":"14ms"}
[2025-11-05T23:12:51.231Z] [INFO] HTTP GET /health | {"method":"GET","url":"/health"}
[2025-11-05T23:12:51.233Z] [INFO] HTTP GET /health | {"method":"GET","url":"/health","statusCode":200,"duration":"2ms"}
[2025-11-05T23:13:22.431Z] [INFO] HTTP GET /health | {"method":"GET","url":"/health"}
[2025-11-05T23:13:22.433Z] [INFO] HTTP GET /health | {"method":"GET","url":"/health","statusCode":200,"duration":"14ms"}
[2025-11-05T23:13:53.606Z] [INFO] HTTP GET /health | {"method":"GET","url":"/health"}
[2025-11-05T23:13:53.620Z] [INFO] HTTP GET /health | {"method":"GET","url":"/health","statusCode":200,"duration":"15ms"}
[2025-11-05T23:14:24.457Z] [INFO] HTTP GET /health | {"method":"GET","url":"/health"}
[2025-11-05T23:14:24.467Z] [INFO] HTTP GET /health | {"method":"GET","url":"/health","statusCode":200,"duration":"9ms"}
[2025-11-05T23:14:55.211Z] [INFO] HTTP GET /health | {"method":"GET","url":"/health"}
[2025-11-05T23:14:55.213Z] [INFO] HTTP GET /health | {"method":"GET","url":"/health","statusCode":200,"duration":"2ms"}
[2025-11-05T23:15:26.170Z] [INFO] HTTP GET /health | {"method":"GET","url":"/health"}
[2025-11-05T23:15:26.189Z] [INFO] HTTP GET /health | {"method":"GET","url":"/health","statusCode":200,"duration":"12ms"}
[2025-11-05T23:15:57.175Z] [INFO] HTTP GET /health | {"method":"GET","url":"/health"}
[2025-11-05T23:15:57.360Z] [INFO] HTTP GET /health | {"method":"GET","url":"/health","statusCode":200,"duration":"198ms"}
[2025-11-05T23:16:28.298Z] [INFO] HTTP GET /health | {"method":"GET","url":"/health"}
[2025-11-05T23:16:28.300Z] [INFO] HTTP GET /health | {"method":"GET","url":"/health","statusCode":200,"duration":"13ms"}
[2025-11-05T23:16:59.287Z] [INFO] HTTP GET /health | {"method":"GET","url":"/health"}
[2025-11-05T23:16:59.288Z] [INFO] HTTP GET /health | {"method":"GET","url":"/health","statusCode":200,"duration":"2ms"}
[2025-11-05T23:17:30.095Z] [INFO] HTTP GET /health | {"method":"GET","url":"/health"}
[2025-11-05T23:17:30.108Z] [INFO] HTTP GET /health | {"method":"GET","url":"/health","statusCode":200,"duration":"13ms"}
[2025-11-05T23:18:00.838Z] [INFO] HTTP GET /health | {"method":"GET","url":"/health"}
[2025-11-05T23:18:00.839Z] [INFO] HTTP GET /health | {"method":"GET","url":"/health","statusCode":200,"duration":"2ms"}
[2025-11-05T23:18:32.430Z] [INFO] HTTP GET /health | {"method":"GET","url":"/health"}
[2025-11-05T23:18:32.431Z] [INFO] HTTP GET /health | {"method":"GET","url":"/health","statusCode":200,"duration":"2ms"}
[2025-11-05T23:19:03.514Z] [INFO] HTTP GET /health | {"method":"GET","url":"/health"}
[2025-11-05T23:19:03.515Z] [INFO] HTTP GET /health | {"method":"GET","url":"/health","statusCode":200,"duration":"3ms"}
[2025-11-05T23:19:34.542Z] [INFO] HTTP GET /health | {"method":"GET","url":"/health"}
[2025-11-05T23:19:34.544Z] [INFO] HTTP GET /health | {"method":"GET","url":"/health","statusCode":200,"duration":"8ms"}
[2025-11-05T23:20:05.495Z] [INFO] HTTP GET /health | {"method":"GET","url":"/health"}
[2025-11-05T23:20:05.508Z] [INFO] HTTP GET /health | {"method":"GET","url":"/health","statusCode":200,"duration":"3ms"}
[2025-11-05T23:20:36.394Z] [INFO] HTTP GET /health | {"method":"GET","url":"/health"}
[2025-11-05T23:20:36.408Z] [INFO] HTTP GET /health | {"method":"GET","url":"/health","statusCode":200,"duration":"14ms"}
[2025-11-05T23:21:07.466Z] [INFO] HTTP GET /health | {"method":"GET","url":"/health"}
[2025-11-05T23:21:07.467Z] [INFO] HTTP GET /health | {"method":"GET","url":"/health","statusCode":200,"duration":"2ms"}
[2025-11-05T23:21:19.796Z] [INFO] Monitoring report generated | {"totalProjects":0,"critical":0,"warning":0,"healthy":0}
[2025-11-05T23:21:38.803Z] [INFO] HTTP GET /health | {"method":"GET","url":"/health"}
[2025-11-05T23:21:38.805Z] [INFO] HTTP GET /health | {"method":"GET","url":"/health","statusCode":200,"duration":"10ms"}
[2025-11-05T23:22:10.141Z] [INFO] HTTP GET /health | {"method":"GET","url":"/health"}
[2025-11-05T23:22:10.152Z] [INFO] HTTP GET /health | {"method":"GET","url":"/health","statusCode":200,"duration":"12ms"}
[2025-11-05T23:22:41.568Z] [INFO] HTTP GET /health | {"method":"GET","url":"/health"}
[2025-11-05T23:22:41.569Z] [INFO] HTTP GET /health | {"method":"GET","url":"/health","statusCode":200,"duration":"2ms"}
[2025-11-05T23:23:12.430Z] [INFO] HTTP GET /health | {"method":"GET","url":"/health"}
[2025-11-05T23:23:12.444Z] [INFO] HTTP GET /health | {"method":"GET","url":"/health","statusCode":200,"duration":"14ms"}
[2025-11-05T23:23:44.437Z] [INFO] HTTP GET /health | {"method":"GET","url":"/health"}
[2025-11-05T23:23:44.448Z] [INFO] HTTP GET /health | {"method":"GET","url":"/health","statusCode":200,"duration":"11ms"}
[2025-11-05T23:24:16.120Z] [INFO] HTTP GET /health | {"method":"GET","url":"/health"}
[2025-11-05T23:24:16.122Z] [INFO] HTTP GET /health | {"method":"GET","url":"/health","statusCode":200,"duration":"2ms"}
[2025-11-05T23:24:47.063Z] [INFO] HTTP GET /health | {"method":"GET","url":"/health"}
[2025-11-05T23:24:47.065Z] [INFO] HTTP GET /health | {"method":"GET","url":"/health","statusCode":200,"duration":"2ms"}
[2025-11-05T23:25:18.384Z] [INFO] HTTP GET /health | {"method":"GET","url":"/health"}
[2025-11-05T23:25:18.400Z] [INFO] HTTP GET /health | {"method":"GET","url":"/health","statusCode":200,"duration":"17ms"}
[2025-11-05T23:25:49.243Z] [INFO] HTTP GET /health | {"method":"GET","url":"/health"}
[2025-11-05T23:25:49.245Z] [INFO] HTTP GET /health | {"method":"GET","url":"/health","statusCode":200,"duration":"1ms"}
[2025-11-05T23:26:20.468Z] [INFO] HTTP GET /health | {"method":"GET","url":"/health"}
[2025-11-05T23:26:20.481Z] [INFO] HTTP GET /health | {"method":"GET","url":"/health","statusCode":200,"duration":"13ms"}
[2025-11-05T23:26:51.646Z] [INFO] HTTP GET /health | {"method":"GET","url":"/health"}
[2025-11-05T23:26:51.647Z] [INFO] HTTP GET /health | {"method":"GET","url":"/health","statusCode":200,"duration":"12ms"}
[2025-11-05T23:27:22.878Z] [INFO] HTTP GET /health | {"method":"GET","url":"/health"}
[2025-11-05T23:27:22.882Z] [INFO] HTTP GET /health | {"method":"GET","url":"/health","statusCode":200,"duration":"11ms"}
[2025-11-05T23:27:53.864Z] [INFO] HTTP GET /health | {"method":"GET","url":"/health"}
[2025-11-05T23:27:53.867Z] [INFO] HTTP GET /health | {"method":"GET","url":"/health","statusCode":200,"duration":"15ms"}
[2025-11-05T23:28:25.101Z] [INFO] HTTP GET /health | {"method":"GET","url":"/health"}
[2025-11-05T23:28:25.114Z] [INFO] HTTP GET /health | {"method":"GET","url":"/health","statusCode":200,"duration":"13ms"}
[2025-11-05T23:28:55.977Z] [INFO] HTTP GET /health | {"method":"GET","url":"/health"}
[2025-11-05T23:28:55.992Z] [INFO] HTTP GET /health | {"method":"GET","url":"/health","statusCode":200,"duration":"15ms"}
[2025-11-05T23:29:26.957Z] [INFO] HTTP GET /health | {"method":"GET","url":"/health"}
[2025-11-05T23:29:26.958Z] [INFO] HTTP GET /health | {"method":"GET","url":"/health","statusCode":200,"duration":"2ms"}
[2025-11-05T23:29:57.855Z] [INFO] HTTP GET /health | {"method":"GET","url":"/health"}
[2025-11-05T23:29:57.858Z] [INFO] HTTP GET /health | {"method":"GET","url":"/health","statusCode":200,"duration":"14ms"}
[2025-11-05T23:30:29.172Z] [INFO] HTTP GET /health | {"method":"GET","url":"/health"}
[2025-11-05T23:30:29.174Z] [INFO] HTTP GET /health | {"method":"GET","url":"/health","statusCode":200,"duration":"3ms"}
[2025-11-05T23:31:00.242Z] [INFO] HTTP GET /health | {"method":"GET","url":"/health"}
[2025-11-05T23:31:00.244Z] [INFO] HTTP GET /health | {"method":"GET","url":"/health","statusCode":200,"duration":"3ms"}
[2025-11-05T23:31:31.326Z] [INFO] HTTP GET /health | {"method":"GET","url":"/health"}
[2025-11-05T23:31:31.339Z] [INFO] HTTP GET /health | {"method":"GET","url":"/health","statusCode":200,"duration":"3ms"}
[2025-11-05T23:32:02.647Z] [INFO] HTTP GET /health | {"method":"GET","url":"/health"}
[2025-11-05T23:32:02.649Z] [INFO] HTTP GET /health | {"method":"GET","url":"/health","statusCode":200,"duration":"2ms"}
[2025-11-05T23:32:33.880Z] [INFO] HTTP GET /health | {"method":"GET","url":"/health"}
[2025-11-05T23:32:33.881Z] [INFO] HTTP GET /health | {"method":"GET","url":"/health","statusCode":200,"duration":"2ms"}
[2025-11-05T23:33:04.717Z] [INFO] HTTP GET /health | {"method":"GET","url":"/health"}
[2025-11-05T23:33:04.725Z] [INFO] HTTP GET /health | {"method":"GET","url":"/health","statusCode":200,"duration":"8ms"}
[2025-11-05T23:33:36.073Z] [INFO] HTTP GET /health | {"method":"GET","url":"/health"}
[2025-11-05T23:33:36.084Z] [INFO] HTTP GET /health | {"method":"GET","url":"/health","statusCode":200,"duration":"3ms"}
[2025-11-05T23:34:07.190Z] [INFO] HTTP GET /health | {"method":"GET","url":"/health"}
[2025-11-05T23:34:07.191Z] [INFO] HTTP GET /health | {"method":"GET","url":"/health","statusCode":200,"duration":"2ms"}
[2025-11-05T23:34:38.744Z] [INFO] HTTP GET /health | {"method":"GET","url":"/health"}
[2025-11-05T23:34:38.763Z] [INFO] HTTP GET /health | {"method":"GET","url":"/health","statusCode":200,"duration":"18ms"}
[2025-11-05T23:35:09.647Z] [INFO] HTTP GET /health | {"method":"GET","url":"/health"}
[2025-11-05T23:35:09.648Z] [INFO] HTTP GET /health | {"method":"GET","url":"/health","statusCode":200,"duration":"1ms"}
[2025-11-05T23:35:40.497Z] [INFO] HTTP GET /health | {"method":"GET","url":"/health"}
[2025-11-05T23:35:40.498Z] [INFO] HTTP GET /health | {"method":"GET","url":"/health","statusCode":200,"duration":"2ms"}
[2025-11-05T23:36:11.321Z] [INFO] HTTP GET /health | {"method":"GET","url":"/health"}
[2025-11-05T23:36:11.335Z] [INFO] HTTP GET /health | {"method":"GET","url":"/health","statusCode":200,"duration":"16ms"}
[2025-11-05T23:36:42.616Z] [INFO] HTTP GET /health | {"method":"GET","url":"/health"}
[2025-11-05T23:36:42.624Z] [INFO] HTTP GET /health | {"method":"GET","url":"/health","statusCode":200,"duration":"9ms"}
[2025-11-05T23:37:14.486Z] [INFO] HTTP GET /health | {"method":"GET","url":"/health"}
[2025-11-05T23:37:14.488Z] [INFO] HTTP GET /health | {"method":"GET","url":"/health","statusCode":200,"duration":"22ms"}
[2025-11-05T23:37:46.123Z] [INFO] HTTP GET /health | {"method":"GET","url":"/health"}
[2025-11-05T23:37:46.125Z] [INFO] HTTP GET /health | {"method":"GET","url":"/health","statusCode":200,"duration":"2ms"}
[2025-11-05T23:38:17.410Z] [INFO] HTTP GET /health | {"method":"GET","url":"/health"}
[2025-11-05T23:38:17.425Z] [INFO] HTTP GET /health | {"method":"GET","url":"/health","statusCode":200,"duration":"15ms"}
[2025-11-05T23:38:48.645Z] [INFO] HTTP GET /health | {"method":"GET","url":"/health"}
[2025-11-05T23:38:48.647Z] [INFO] HTTP GET /health | {"method":"GET","url":"/health","statusCode":200,"duration":"2ms"}
[2025-11-05T23:39:21.009Z] [INFO] HTTP GET /health | {"method":"GET","url":"/health"}
[2025-11-05T23:39:21.020Z] [INFO] HTTP GET /health | {"method":"GET","url":"/health","statusCode":200,"duration":"12ms"}
[2025-11-05T23:39:53.271Z] [INFO] HTTP GET /health | {"method":"GET","url":"/health"}
[2025-11-05T23:39:53.273Z] [INFO] HTTP GET /health | {"method":"GET","url":"/health","statusCode":200,"duration":"3ms"}
[2025-11-05T23:40:24.576Z] [INFO] HTTP GET /health | {"method":"GET","url":"/health"}
[2025-11-05T23:40:24.578Z] [INFO] HTTP GET /health | {"method":"GET","url":"/health","statusCode":200,"duration":"3ms"}
[2025-11-05T23:40:56.417Z] [INFO] HTTP GET /health | {"method":"GET","url":"/health"}
[2025-11-05T23:40:56.419Z] [INFO] HTTP GET /health | {"method":"GET","url":"/health","statusCode":200,"duration":"1ms"}
[2025-11-05T23:41:30.446Z] [INFO] HTTP GET /health | {"method":"GET","url":"/health"}
[2025-11-05T23:41:30.615Z] [INFO] HTTP GET /health | {"method":"GET","url":"/health","statusCode":200,"duration":"30ms"}
[2025-11-05T23:42:01.753Z] [INFO] HTTP GET /health | {"method":"GET","url":"/health"}
[2025-11-05T23:42:01.755Z] [INFO] HTTP GET /health | {"method":"GET","url":"/health","statusCode":200,"duration":"3ms"}
[2025-11-05T23:42:33.542Z] [INFO] HTTP GET /health | {"method":"GET","url":"/health"}
[2025-11-05T23:42:33.557Z] [INFO] HTTP GET /health | {"method":"GET","url":"/health","statusCode":200,"duration":"17ms"}
[2025-11-05T23:43:05.288Z] [INFO] HTTP GET /health | {"method":"GET","url":"/health"}
[2025-11-05T23:43:05.328Z] [INFO] HTTP GET /health | {"method":"GET","url":"/health","statusCode":200,"duration":"39ms"}
[2025-11-05T23:43:38.240Z] [INFO] HTTP GET /health | {"method":"GET","url":"/health"}
[2025-11-05T23:43:38.253Z] [INFO] HTTP GET /health | {"method":"GET","url":"/health","statusCode":200,"duration":"15ms"}
[2025-11-05T23:44:10.019Z] [INFO] HTTP GET /health | {"method":"GET","url":"/health"}
[2025-11-05T23:44:10.035Z] [INFO] HTTP GET /health | {"method":"GET","url":"/health","statusCode":200,"duration":"26ms"}
[2025-11-05T23:44:49.772Z] [INFO] HTTP GET /health | {"method":"GET","url":"/health"}
[2025-11-05T23:44:49.774Z] [INFO] HTTP GET /health | {"method":"GET","url":"/health","statusCode":200,"duration":"3ms"}
[2025-11-05T23:45:23.806Z] [INFO] HTTP GET /health | {"method":"GET","url":"/health"}
[2025-11-05T23:45:23.812Z] [INFO] HTTP GET /health | {"method":"GET","url":"/health","statusCode":200,"duration":"38ms"}
[2025-11-05T23:46:06.658Z] [INFO] HTTP GET /health | {"method":"GET","url":"/health"}
[2025-11-05T23:46:06.661Z] [INFO] HTTP GET /health | {"method":"GET","url":"/health","statusCode":200,"duration":"30ms"}
[2025-11-05T23:46:41.480Z] [INFO] HTTP GET /health | {"method":"GET","url":"/health"}
[2025-11-05T23:46:41.604Z] [INFO] HTTP GET /health | {"method":"GET","url":"/health","statusCode":200,"duration":"138ms"}
[2025-11-05T23:47:14.700Z] [INFO] HTTP GET /health | {"method":"GET","url":"/health"}
[2025-11-05T23:47:14.702Z] [INFO] HTTP GET /health | {"method":"GET","url":"/health","statusCode":200,"duration":"3ms"}
[2025-11-05T23:47:47.602Z] [INFO] HTTP GET /health | {"method":"GET","url":"/health"}
[2025-11-05T23:47:47.633Z] [INFO] HTTP GET /health | {"method":"GET","url":"/health","statusCode":200,"duration":"17ms"}
[2025-11-05T23:48:21.118Z] [INFO] HTTP GET /health | {"method":"GET","url":"/health"}
[2025-11-05T23:48:21.123Z] [INFO] HTTP GET /health | {"method":"GET","url":"/health","statusCode":200,"duration":"5ms"}
[2025-11-05T23:48:52.154Z] [INFO] HTTP GET /health | {"method":"GET","url":"/health"}
[2025-11-05T23:48:52.157Z] [INFO] HTTP GET /health | {"method":"GET","url":"/health","statusCode":200,"duration":"15ms"}
[2025-11-05T23:49:23.848Z] [INFO] HTTP GET /health | {"method":"GET","url":"/health"}
[2025-11-05T23:49:23.850Z] [INFO] HTTP GET /health | {"method":"GET","url":"/health","statusCode":200,"duration":"14ms"}
[2025-11-05T23:49:55.046Z] [INFO] HTTP GET /health | {"method":"GET","url":"/health"}
[2025-11-05T23:49:55.049Z] [INFO] HTTP GET /health | {"method":"GET","url":"/health","statusCode":200,"duration":"14ms"}
[2025-11-05T23:50:26.604Z] [INFO] HTTP GET /health | {"method":"GET","url":"/health"}
[2025-11-05T23:50:26.633Z] [INFO] HTTP GET /health | {"method":"GET","url":"/health","statusCode":200,"duration":"18ms"}
[2025-11-05T23:50:59.009Z] [INFO] HTTP GET /health | {"method":"GET","url":"/health"}
[2025-11-05T23:50:59.073Z] [INFO] HTTP GET /health | {"method":"GET","url":"/health","statusCode":200,"duration":"64ms"}
[2025-11-05T23:51:35.179Z] [INFO] HTTP GET /health | {"method":"GET","url":"/health"}
[2025-11-05T23:51:35.182Z] [INFO] HTTP GET /health | {"method":"GET","url":"/health","statusCode":200,"duration":"15ms"}
[2025-11-05T23:52:06.174Z] [INFO] HTTP GET /health | {"method":"GET","url":"/health"}
[2025-11-05T23:52:06.274Z] [INFO] HTTP GET /health | {"method":"GET","url":"/health","statusCode":200,"duration":"101ms"}
[2025-11-05T23:52:38.238Z] [INFO] HTTP GET /health | {"method":"GET","url":"/health"}
[2025-11-05T23:52:38.252Z] [INFO] HTTP GET /health | {"method":"GET","url":"/health","statusCode":200,"duration":"15ms"}
[2025-11-05T23:53:20.202Z] [INFO] HTTP GET /health | {"method":"GET","url":"/health"}
[2025-11-05T23:53:20.204Z] [INFO] HTTP GET /health | {"method":"GET","url":"/health","statusCode":200,"duration":"41ms"}
[2025-11-05T23:53:52.940Z] [INFO] HTTP GET /health | {"method":"GET","url":"/health"}
[2025-11-05T23:53:52.957Z] [INFO] HTTP GET /health | {"method":"GET","url":"/health","statusCode":200,"duration":"17ms"}
[2025-11-05T23:54:25.462Z] [INFO] HTTP GET /health | {"method":"GET","url":"/health"}
[2025-11-05T23:54:25.474Z] [INFO] HTTP GET /health | {"method":"GET","url":"/health","statusCode":200,"duration":"3ms"}
[2025-11-05T23:55:07.520Z] [INFO] HTTP GET /health | {"method":"GET","url":"/health"}
[2025-11-05T23:55:07.522Z] [INFO] HTTP GET /health | {"method":"GET","url":"/health","statusCode":200,"duration":"2ms"}
[2025-11-05T23:55:49.127Z] [INFO] HTTP GET /health | {"method":"GET","url":"/health"}
[2025-11-05T23:55:49.216Z] [INFO] HTTP GET /health | {"method":"GET","url":"/health","statusCode":200,"duration":"19ms"}
[2025-11-05T23:56:21.825Z] [INFO] HTTP GET /health | {"method":"GET","url":"/health"}
[2025-11-05T23:56:21.842Z] [INFO] HTTP GET /health | {"method":"GET","url":"/health","statusCode":200,"duration":"41ms"}
[2025-11-05T23:56:59.719Z] [INFO] HTTP GET /health | {"method":"GET","url":"/health"}
[2025-11-05T23:56:59.720Z] [INFO] HTTP GET /health | {"method":"GET","url":"/health","statusCode":200,"duration":"2ms"}
[2025-11-05T23:57:34.925Z] [INFO] HTTP GET /health | {"method":"GET","url":"/health"}
[2025-11-05T23:57:34.941Z] [INFO] HTTP GET /health | {"method":"GET","url":"/health","statusCode":200,"duration":"14ms"}
[2025-11-05T23:58:08.452Z] [INFO] HTTP GET /health | {"method":"GET","url":"/health"}
[2025-11-05T23:58:08.466Z] [INFO] HTTP GET /health | {"method":"GET","url":"/health","statusCode":200,"duration":"68ms"}
[2025-11-05T23:58:41.626Z] [INFO] HTTP GET /health | {"method":"GET","url":"/health"}
[2025-11-05T23:58:41.629Z] [INFO] HTTP GET /health | {"method":"GET","url":"/health","statusCode":200,"duration":"15ms"}
[2025-11-05T23:59:16.457Z] [INFO] HTTP GET /health | {"method":"GET","url":"/health"}
[2025-11-05T23:59:16.490Z] [INFO] HTTP GET /health | {"method":"GET","url":"/health","statusCode":200,"duration":"59ms"}
[2025-11-05T23:59:55.746Z] [INFO] HTTP GET /health | {"method":"GET","url":"/health"}
[2025-11-05T23:59:55.748Z] [INFO] HTTP GET /health | {"method":"GET","url":"/health","statusCode":200,"duration":"2ms"}
